// Jest Snapshot v1, https://goo.gl/fbAQLP

exports[`Error has a valid snapshot 1`] = `
<span
  className="error"
>
  Error: 
  This is and error
</span>
`;
