// Jest Snapshot v1, https://goo.gl/fbAQLP

exports[`ListContainer has a valid snapshot 1`] = `
<div
  className="sc-bdVaJa hgwxvP"
/>
`;
