// Jest Snapshot v1, https://goo.gl/fbAQLP

exports[`Loader has a valid snapshot 1`] = `
<div
  className="sc-bdVaJa bsNmEK"
>
  <span
    className="sc-bwzfXH gRRlat"
  >
     Is loading... 
  </span>
</div>
`;
